[13:06:52] 0. installer (--yes: Docker, NVIDIA Container Toolkit, kwh-host as needed)
[13:07:09] installer exit 0; kwh-host, version 0.3.0.dev1
[13:07:09] 1. init, fetch, doctor
[13:07:17] fetch exit 0 in 7s
[13:07:24] doctor exit 0
[13:07:24] 2. mock platform: Docker hosts only (D4), certified reports only; heartbeat 10 s, challenge 1 min, micro-benchmark 2 min
{"ok":true,"hosts":0,"job_channels":0,"tokenizer":true,"chat":true,"verifier":false}[13:07:26] 3. the certified report already here, registered as it is: 101.827 units/hour, driver 580.95.05, measured 2026-10-05T11:14:07Z
[13:07:27]    this machine's driver now: 580.178.04
[13:07:28] register: {"host_id":"h_bbe464c76d50","rate_units_per_hour":101.827,"bucket":"I-1/100"}
[13:07:28] 4. the daemon, live, and buyer jobs
[13:11:20] live, job channel open, engine edbb6e3141e8 running
   at start: 2026-10-05 13:07:28  rebench           started: driver changed: 580.95.05 benchmarked, 580.178.04 now
   at start: 2026-10-05 13:10:41  rebench           done: 101.88 units/hour (was 101.83), 3 min
[13:11:25] buyer jobs: exit 0
[13:11:40] micro-benchmark: 100.74 units/hour, within: True
[13:11:40] 5. the GPU slowed down: graphics clock locked low (a stand-in for throttling: heat, a power cap, a failing fan)
GPU clocks set to "(gpuClkMin 945, gpuClkMax 945)" for GPU 00000000:00:07.0
All done.
[13:11:40] graphics clock locked at 945 MHz (the card's maximum is 3150)
[13:15:56] slow: platform holds the host: micro-benchmark outside 10% of the rate twice in a row
[13:15:56] slow: daemon re-benchmarking (engine stopped)
[13:15:57] slow: a buyer job meanwhile: exit 1 (j_a51d7de45d077966: failed on None  units None  0.0 ms  attempts []  (no live host with capacity for this job))
[13:20:49] slow: live again at 70.993 units/hour, engine 2ae7f35090a7 running
[13:20:55] slow: next micro-benchmark 71.48 units/hour, within: True
[13:20:55] 6. the clock released
All done.
[13:25:05] full: platform holds the host: micro-benchmark outside 10% of the rate twice in a row
[13:25:05] full: daemon re-benchmarking (engine stopped)
[13:25:05] full: a buyer job meanwhile: exit 1 (j_684250fdb98d7cd4: failed on None  units None  0.0 ms  attempts []  (no live host with capacity for this job))
[13:28:57] full: live again at 101.515 units/hour, engine 4ce692849804 running
[13:29:03] full: next micro-benchmark 100.4 units/hour, within: True
[13:29:03] 7. the engine frozen (docker pause): the daemon should restart it
[13:30:59] engine restarted and live 116s after the freeze, engine ea0c7fd2bcbd running
restarted engine: {"readonly_rootfs": true, "network": "none", "cap_drop": ["ALL"], "user": "1002:1002"}
[13:30:59] 8. what a host reads
[13:31:21] daemon stopped, engine container removed
[13:31:21] 9. summary
